src/app/api/admin/candidates/export/route.ts(19,27): error TS2694: Namespace '"C:/Users/ruzov/.gemini/antigravity/scratch/cv-click-builder/node_modules/.prisma/client/default".Prisma' has no exported member 'CandidateWhereInput'.
src/app/api/admin/candidates/export/route.ts(53,43): error TS7006: Parameter 'c' implicitly has an 'any' type.
src/app/api/admin/candidates/export/route.ts(65,34): error TS7006: Parameter 's' implicitly has an 'any' type.
src/app/api/admin/candidates/export/route.ts(66,40): error TS7006: Parameter 'l' implicitly has an 'any' type.
src/app/api/admin/candidates/route.ts(24,27): error TS2694: Namespace '"C:/Users/ruzov/.gemini/antigravity/scratch/cv-click-builder/node_modules/.prisma/client/default".Prisma' has no exported member 'CandidateWhereInput'.
src/app/candidate/share/[token]/page.tsx(62,64): error TS7006: Parameter 'exp' implicitly has an 'any' type.
src/app/candidate/share/[token]/page.tsx(86,59): error TS7006: Parameter 'edu' implicitly has an 'any' type.
src/app/candidate/share/[token]/page.tsx(116,56): error TS7006: Parameter 'cs' implicitly has an 'any' type.
src/app/candidate/share/[token]/page.tsx(128,59): error TS7006: Parameter 'cl' implicitly has an 'any' type.
src/app/candidate/share/[token]/page.tsx(142,72): error TS7006: Parameter 't' implicitly has an 'any' type.
src/app/candidate/share/[token]/page.tsx(155,62): error TS7006: Parameter 'cert' implicitly has an 'any' type.
